
> financial-dashboard@0.0.1 build
> tsc -b && vite build

src/components/dashboard/DashboardLayout.tsx(4,3): error TS2305: Module '"@hugeicons/react"' has no exported member 'Menu01Icon'.
src/components/dashboard/DashboardLayout.tsx(5,3): error TS2305: Module '"@hugeicons/react"' has no exported member 'Settings01Icon'.
src/components/dashboard/DashboardLayout.tsx(6,3): error TS2305: Module '"@hugeicons/react"' has no exported member 'DashboardSquare01Icon'.
src/components/dashboard/DashboardLayout.tsx(7,3): error TS2305: Module '"@hugeicons/react"' has no exported member 'Wallet01Icon'.
src/components/dashboard/DashboardLayout.tsx(8,3): error TS2305: Module '"@hugeicons/react"' has no exported member 'PieChart01Icon'.
src/components/dashboard/DashboardLayout.tsx(9,3): error TS2305: Module '"@hugeicons/react"' has no exported member 'Sun01Icon'.
src/components/dashboard/DashboardLayout.tsx(9,3): error TS6133: 'Sun01Icon' is declared but its value is never read.
src/components/dashboard/DashboardLayout.tsx(10,3): error TS2305: Module '"@hugeicons/react"' has no exported member 'Moon01Icon'.
src/components/dashboard/DashboardLayout.tsx(10,3): error TS6133: 'Moon01Icon' is declared but its value is never read.
src/components/dashboard/DashboardLayout.tsx(11,3): error TS2305: Module '"@hugeicons/react"' has no exported member 'UserEdit01Icon'.
src/components/dashboard/DashboardLayout.tsx(12,3): error TS2305: Module '"@hugeicons/react"' has no exported member 'UserIcon'.
src/components/dashboard/Insights.tsx(3,16): error TS6133: 'CardContent' is declared but its value is never read.
src/components/dashboard/Insights.tsx(3,29): error TS6133: 'CardHeader' is declared but its value is never read.
src/components/dashboard/Insights.tsx(3,41): error TS6133: 'CardTitle' is declared but its value is never read.
src/components/dashboard/Insights.tsx(4,10): error TS2305: Module '"@hugeicons/react"' has no exported member 'SparklesIcon'.
src/components/dashboard/Insights.tsx(4,24): error TS2305: Module '"@hugeicons/react"' has no exported member 'TrendingUpIcon'.
src/components/dashboard/Insights.tsx(4,40): error TS2305: Module '"@hugeicons/react"' has no exported member 'TrendingDownIcon'.
src/components/dashboard/Insights.tsx(4,58): error TS2305: Module '"@hugeicons/react"' has no exported member 'CalculatorIcon'.
src/components/dashboard/SpendingPieChart.tsx(44,54): error TS6133: 'entry' is declared but its value is never read.
src/components/dashboard/SummaryCards.tsx(4,10): error TS2305: Module '"@hugeicons/react"' has no exported member 'Wallet01Icon'.
src/components/dashboard/SummaryCards.tsx(4,24): error TS2305: Module '"@hugeicons/react"' has no exported member 'ArrowUpRight01Icon'.
src/components/dashboard/SummaryCards.tsx(4,44): error TS2305: Module '"@hugeicons/react"' has no exported member 'ArrowDownLeft01Icon'.
src/components/dashboard/TransactionsTable.tsx(8,10): error TS2305: Module '"@hugeicons/react"' has no exported member 'Search01Icon'.
src/components/dashboard/TransactionsTable.tsx(8,24): error TS2305: Module '"@hugeicons/react"' has no exported member 'FilterIcon'.
src/components/dashboard/TransactionsTable.tsx(8,36): error TS2305: Module '"@hugeicons/react"' has no exported member 'Delete02Icon'.
src/components/dashboard/TransactionsTable.tsx(8,50): error TS2305: Module '"@hugeicons/react"' has no exported member 'Edit01Icon'.
src/components/dashboard/TransactionsTable.tsx(8,50): error TS6133: 'Edit01Icon' is declared but its value is never read.
src/components/dashboard/TransactionsTable.tsx(8,62): error TS2305: Module '"@hugeicons/react"' has no exported member 'MoreVerticalIcon'.
src/context/DashboardContext.tsx(1,65): error TS1484: 'ReactNode' is a type and must be imported using a type-only import when 'verbatimModuleSyntax' is enabled.
